Watching for changes in C:/Users/asifr/OneDrive/Documents/GitHub/mlif/archetypes, C:/Users/asifr/OneDrive/Documents/GitHub/mlif/assets/css, C:/Users/asifr/OneDrive/Documents/GitHub/mlif/content/{exams,modules,projects}, C:/Users/asifr/OneDrive/Documents/GitHub/mlif/layouts/{_default,exams,modules,partials,projects}, C:/Users/asifr/OneDrive/Documents/GitHub/mlif/static/{css,files,js}, C:/Users/asifr/OneDrive/Documents/GitHub/mlif/themes/PaperMod/assets/{css,js}, C:/Users/asifr/OneDrive/Documents/GitHub/mlif/themes/PaperMod/i18n, C:/Users/asifr/OneDrive/Documents/GitHub/mlif/themes/PaperMod/layouts/{_markup,_partials,_shortcodes}
Watching for config changes in C:\Users\asifr\OneDrive\Documents\GitHub\mlif\hugo.yaml
Start building sites … 
hugo v0.154.5-a6f99cca223a29cad1d4cdaa6a1a90508ac1da71+extended windows/amd64 BuildDate=2026-01-11T20:53:23Z VendorInfo=gohugoio


                  │ EN 
──────────────────┼────
 Pages            │ 25 
 Paginator pages  │  0 
 Non-page files   │  0 
 Static files     │ 11 
 Processed images │  0 
 Aliases          │  0 
 Cleaned          │  0 

Built in 128 ms
Environment: "development"
Serving pages from disk
Running in Fast Render Mode. For full rebuilds on change: hugo server --disableFastRender
Web Server is available at http://localhost:1313/ (bind address 127.0.0.1) 
Press Ctrl+C to stop

Change detected, rebuilding site (#1).
2026-06-04 13:16:01.606 -0500
Source changed /video-lessons.md
Web Server is available at http://localhost:1313/ (bind address 127.0.0.1)
Total in 8 ms
